
> luckybean-static-app@1.24.2 test:static
> node scripts/run-static-tests.mjs


[static] tests/v110-local-first-sync-static.mjs
LuckyBean 1.24B main.4 local-first, native-prompt cache isolation and current BrewProfiles contract checks passed

[static] tests/v120-core-contracts-static.mjs
v1.2 core analysis, completed history, provider, spatial and environment-dialog contracts passed

[static] tests/v120-requirements-static.mjs
LuckyBean 1.24B single server account, mandatory sync, native-prompt cache isolation, shared sorting and all-profile checks passed

[static] tests/v122-cloud-sync-safety.mjs
v1.23D cloud union baseline and deletion propagation checks passed

[static] tests/v123-brewprofiles-integration.mjs
TAP version 13
# Subtest: professional brew API has a persistent installation identity and no cloud-account dependency
ok 1 - professional brew API has a persistent installation identity and no cloud-account dependency
  ---
  duration_ms: 5.887608
  type: 'test'
  ...
# Subtest: catalog is authoritative, cached, and includes all six competition profiles
ok 2 - catalog is authoritative, cached, and includes all six competition profiles
  ---
  duration_ms: 2.404115
  type: 'test'
  ...
# Subtest: ratio defaults to automatic recommendation while preserving explicit manual override
ok 3 - ratio defaults to automatic recommendation while preserving explicit manual override
  ---
  duration_ms: 2.708294
  type: 'test'
  ...
# Subtest: cooling defaults to model recommendation and custom tail accepts 60°C
ok 4 - cooling defaults to model recommendation and custom tail accepts 60°C
  ---
  duration_ms: 1.971596
  type: 'test'
  ...
# Subtest: client rejects empty or incomplete target geometry
ok 5 - client rejects empty or incomplete target geometry
  ---
  duration_ms: 0.956328
  type: 'test'
  ...
# Subtest: new plan generation never converts an API failure into a fake successful 3D scene
ok 6 - new plan generation never converts an API failure into a fake successful 3D scene
  ---
  duration_ms: 3.05888
  type: 'test'
  ...
# Subtest: profile resolver accepts catalog IDs instead of a fixed explicit-profile whitelist
ok 7 - profile resolver accepts catalog IDs instead of a fixed explicit-profile whitelist
  ---
  duration_ms: 0.965966
  type: 'test'
  ...
1..7
# tests 7
# suites 0
# pass 7
# fail 0
# cancelled 0
# skipped 0
# todo 0
# duration_ms 24.398233

[static] tests/v123d-main-parity.mjs
TAP version 13
# Subtest: all pages use the same red seal slot geometry
ok 1 - all pages use the same red seal slot geometry
  ---
  duration_ms: 6.057927
  type: 'test'
  ...
# Subtest: bean custom fields and five-row brew order are locked to the current interaction contract
ok 2 - bean custom fields and five-row brew order are locked to the current interaction contract
  ---
  duration_ms: 3.798783
  type: 'test'
  ...
# Subtest: about section contains the shipped illustration
ok 3 - about section contains the shipped illustration
  ---
  duration_ms: 3.74887
  type: 'test'
  ...
# Subtest: settings data collection owns coffee world and preference profile
ok 4 - settings data collection owns coffee world and preference profile
  ---
  duration_ms: 2.932513
  type: 'test'
  ...
# Subtest: bean page shows inventory and health digest above its leaderboard
ok 5 - bean page shows inventory and health digest above its leaderboard
  ---
  duration_ms: 2.374079
  type: 'test'
  ...
# Subtest: cloud panel exposes status and both recovery actions
ok 6 - cloud panel exposes status and both recovery actions
  ---
  duration_ms: 1.207357
  type: 'test'
  ...
1..6
# tests 6
# suites 0
# pass 6
# fail 0
# cancelled 0
# skipped 0
# todo 0
# duration_ms 26.299616

[static] tests/v124-stable-data-format.mjs
Stable cross-project brew data is version-independent and uses the fixed six-target contract.

[static] tests/v125-root-state-models.mjs
v1.2.5 independent sensory state machines and LuckyBean 1.24B Android package contracts passed

[static] tests/v123d-deployment-contracts.mjs
LuckyBean 1.24B 1.24B-main.6 test+gated Pages, signed Android, canonical bean group state, native prompt runtime, shared sorting, text brew UI, serial OCR, lifecycle, frozen freshness and BrewProfiles contracts passed

[static] tests/v123d-ui-sensory-regressions.mjs
LuckyBean 1.24B canonical settings and sensory regression contracts passed

[static] tests/v123e-batch-onboarding-static.mjs
LuckyBean canonical bean lifecycle, long-press onboarding, matching and spatial-preservation checks passed

[static] tests/v126-full-integration-static.mjs
v126 canonical full integration static checks passed

[static] tests/v127-user-regressions-static.mjs
v127 canonical cooling/gear ownership and 1.24B Android image pipeline static checks passed

[static] tests/v123e-cloud-gear-sync.mjs
LuckyBean 1.23E gear cloud-sync compatibility checks passed

[static] tests/v123e-plan-contract-regression.mjs
Verified LuckyBean plan and brew-history validators accept BrewProfiles 2.0/2.1 and spatial 1.1/1.2/1.3 while rejecting unknown plan contracts.

[static] tests/v123e-freshness-timeline-regression.mjs
LuckyBean 1.24B immediate one-line freshness timeline and stage grouping checks passed

[static] tests/v123e-interaction-repair-static.mjs
LuckyBean 1.24B canonical QR, bean matching, gear, flavor taxonomy, user-guide and interaction3 release checks passed

[static] tests/v123e-gear-matching-regression.mjs
LuckyBean 1.24B canonical gear binding, direct bean matching, QR runtime and upgrade release checks passed

[static] tests/v123e-android-gallery-uri-regression.mjs
LuckyBean Android gallery URI routing regression checks passed

[static] tests/v123e-small-brew-five-row-regression.mjs
LuckyBean 1.24B compact small-brew, automatic-field and Android upgrade contract passed

[static] tests/v123e-ui-stability-static.mjs
LuckyBean 1.24B 1.24B-main.6 canonical UI stability, fun-only native recommendation prompt ownership, shared bean-group state, shared sorting and text brew UI regression checks passed

[static] tests/v123e-navigation-back-static.mjs
LuckyBean canonical page stack, overlay back, Android gesture back and compact bean metadata contracts passed

[static] tests/v123e-brew-optimization-regression.mjs
post-tasting optimization, deterministic spatial trend and release-signature guards passed

[static] tests/v123e-recognition-pipeline-static.mjs
Recognition document is the single translated and structured bean-entry source

[static] tests/v124b-lifecycle-ocr-storage-regression.mjs
LuckyBean 1.24B lifecycle, serial OCR, transit/frozen storage, order parsing and local brew regression checks passed

[static] tests/v124b-ocr-worker-freeze-regression.mjs
LuckyBean 1.24B browser OCR is Worker-only, prewarmed, timeout-bounded, and has no automatic Tesseract/main-thread fallback

[static] tests/v124b-final-release-contract.mjs
LuckyBean 1.24B main.4 final release contract with test+gated web deployment, exact native prompt runtime, canonical bean group state, shared sorting and text brew UI passed

[static] tests/v124b-complete-plan-contract.mjs
LuckyBean 1.24B main.4 complete modification-plan contract with canonical bean groups, test+gated Pages, exact native prompt runtime, shared sorting and text brew UI passed

[static] tests/v124b-ui-policy-regression.mjs
LuckyBean 1.24B single-owner bean group state, hidden preference leaderboard policy, shared live-preview sorting, text brew UI and Web/Android parity contracts passed

[static] tests/v124b-recommendation-prompt-regression.mjs
LuckyBean fun recommendation prompt contract passed: original fun library restored in the real grouped-selection owner; five-mode selection/grouping mechanics unchanged; duplicate 已选 result toast removed; one canonical app toast owner controls all timers; corrected owner cache is pinned

[static] npm run test:recognition

> luckybean-static-app@1.24.2 test:recognition
> node --test test/*.test.js

TAP version 13
# Subtest: sums every bean remaining weight and counts authoritative consumption events once
ok 1 - sums every bean remaining weight and counts authoritative consumption events once
  ---
  duration_ms: 1.806197
  type: 'test'
  ...
# Subtest: restored mistaken brew is removed from today total
ok 2 - restored mistaken brew is removed from today total
  ---
  duration_ms: 0.276197
  type: 'test'
  ...
# Subtest: warns when latest completed consumption is within the configured sleep buffer
ok 3 - warns when latest completed consumption is within the configured sleep buffer
  ---
  duration_ms: 0.39022
  type: 'test'
  ...
# Subtest: uses a higher caffeine estimate for robusta beans
ok 4 - uses a higher caffeine estimate for robusta beans
  ---
  duration_ms: 1.127478
  type: 'test'
  ...
# Subtest: brew-analysis/2.0 authoritative plan does not require a legacy schemaVersion
ok 5 - brew-analysis/2.0 authoritative plan does not require a legacy schemaVersion
  ---
  duration_ms: 1.160329
  type: 'test'
  ...
# Subtest: production analysis envelope adapts into a plan accepted by the page validator
ok 6 - production analysis envelope adapts into a plan accepted by the page validator
  ---
  duration_ms: 1.302906
  type: 'test'
  ...
# Subtest: unknown analysis contracts and unversioned legacy plans remain rejected
ok 7 - unknown analysis contracts and unversioned legacy plans remain rejected
  ---
  duration_ms: 0.726298
  type: 'test'
  ...
# Subtest: cold brew validates stage water against brew water and recipe total independently
ok 8 - cold brew validates stage water against brew water and recipe total independently
  ---
  duration_ms: 0.412581
  type: 'test'
  ...
# Subtest: 参数重算保留同一豆卡已经实际采用的方案
ok 9 - 参数重算保留同一豆卡已经实际采用的方案
  ---
  duration_ms: 3.890725
  type: 'test'
  ...
# Subtest: 不同豆卡或手动选择方案时不会沿用旧方案
ok 10 - 不同豆卡或手动选择方案时不会沿用旧方案
  ---
  duration_ms: 1.050815
  type: 'test'
  ...
# Subtest: 并发计算采用 latest-wins，旧结果不能覆盖新结果
ok 11 - 并发计算采用 latest-wins，旧结果不能覆盖新结果
  ---
  duration_ms: 0.523729
  type: 'test'
  ...
# Subtest: 总分低于预测分不会单独触发冲煮优化
ok 12 - 总分低于预测分不会单独触发冲煮优化
  ---
  duration_ms: 3.172982
  type: 'test'
  ...
# Subtest: 品鉴后的具体负面维度触发可解释优化
ok 13 - 品鉴后的具体负面维度触发可解释优化
  ---
  duration_ms: 0.985653
  type: 'test'
  ...
# Subtest: 雷达轴只比较同组平均且无完成冲煮时不提示优化
ok 14 - 雷达轴只比较同组平均且无完成冲煮时不提示优化
  ---
  duration_ms: 1.49743
  type: 'test'
  ...
# Subtest: 实际执行明显偏离方案时不把负面结果归因于方案
ok 15 - 实际执行明显偏离方案时不把负面结果归因于方案
  ---
  duration_ms: 0.488133
  type: 'test'
  ...
# Subtest: 个人靶区至少三次证据后才改变，标准靶区保持不变
ok 16 - 个人靶区至少三次证据后才改变，标准靶区保持不变
  ---
  duration_ms: 1.324817
  type: 'test'
  ...
# Subtest: accepts a catalog with balanced hot and cold auto-recommend profiles
ok 17 - accepts a catalog with balanced hot and cold auto-recommend profiles
  ---
  duration_ms: 1.742809
  type: 'test'
  ...
# Subtest: rejects a catalog whose declared profile count differs from the payload
ok 18 - rejects a catalog whose declared profile count differs from the payload
  ---
  duration_ms: 0.278261
  type: 'test'
  ...
# Subtest: rejects a cold profile whose recipe water does not equal brew water + ice + bypass
ok 19 - rejects a cold profile whose recipe water does not equal brew water + ice + bypass
  ---
  duration_ms: 1.961627
  type: 'test'
  ...
# Subtest: rejects catalogs that cannot auto-recommend in both hot and cold modes
ok 20 - rejects catalogs that cannot auto-recommend in both hot and cold modes
  ---
  duration_ms: 0.325078
  type: 'test'
  ...
# Subtest: Coffee Knowledge provider is optional and preserves QR-core ownership
ok 21 - Coffee Knowledge provider is optional and preserves QR-core ownership
  ---
  duration_ms: 1.799745
  type: 'test'
  ...
# Subtest: knowledge aliases augment matching without changing QR indexes or visible columns
ok 22 - knowledge aliases augment matching without changing QR indexes or visible columns
  ---
  duration_ms: 1.558975
  type: 'test'
  ...
# Subtest: Japanese/Korean OCR text resolves to existing v6 codes through hidden knowledge aliases
ok 23 - Japanese/Korean OCR text resolves to existing v6 codes through hidden knowledge aliases
  ---
  duration_ms: 8.448568
  type: 'test'
  ...
# Subtest: canonical knowledge identity is available without rewriting decoded core codes
ok 24 - canonical knowledge identity is available without rewriting decoded core codes
  ---
  duration_ms: 0.563423
  type: 'test'
  ...
# Subtest: archive round-trip preserves every portable store
ok 25 - archive round-trip preserves every portable store
  ---
  duration_ms: 13.773704
  type: 'test'
  ...
# Subtest: archive rejects tampered store data
ok 26 - archive rejects tampered store data
  ---
  duration_ms: 5.066543
  type: 'test'
  ...
# Subtest: legacy 1.2.x JSON backup migrates without inventing records
ok 27 - legacy 1.2.x JSON backup migrates without inventing records
  ---
  duration_ms: 0.691804
  type: 'test'
  ...
# Subtest: future schema cannot be imported
ok 28 - future schema cannot be imported
  ---
  duration_ms: 4.587989
  type: 'test'
  ...
# Subtest: production date never falls back to roast date
ok 29 - production date never falls back to roast date
  ---
  duration_ms: 7.591235
  type: 'test'
  ...
# Subtest: best before and expiry dates are excluded from roast date
ok 30 - best before and expiry dates are excluded from roast date
  ---
  duration_ms: 6.452015
  type: 'test'
  ...
# Subtest: explicit roast date is auto-filled while other dates remain excluded
ok 31 - explicit roast date is auto-filled while other dates remain excluded
  ---
  duration_ms: 1.629357
  type: 'test'
  ...
# Subtest: unlabelled date requires confirmation and is never silently filled
ok 32 - unlabelled date requires confirmation and is never silently filled
  ---
  duration_ms: 0.535341
  type: 'test'
  ...
# Subtest: date photo role increases provenance but does not bypass confirmation
ok 33 - date photo role increases provenance but does not bypass confirmation
  ---
  duration_ms: 0.779527
  type: 'test'
  ...
# Subtest: invalid calendar dates are rejected
ok 34 - invalid calendar dates are rejected
  ---
  duration_ms: 1.106228
  type: 'test'
  ...
# Subtest: 30-case date ownership golden set has zero silent non-roast assignments
    # Subtest: 烘焙日期：2026-07-28
    ok 1 - 烘焙日期：2026-07-28
      ---
      duration_ms: 5.322563
      type: 'test'
      ...
    # Subtest: ROAST DATE 2026/07/28
    ok 2 - ROAST DATE 2026/07/28
      ---
      duration_ms: 1.790919
      type: 'test'
      ...
    # Subtest: ROASTED ON 2026.7.8
    ok 3 - ROASTED ON 2026.7.8
      ---
      duration_ms: 0.480448
      type: 'test'
      ...
    # Subtest: 焙炒日期 2026年7月28日
    ok 4 - 焙炒日期 2026年7月28日
      ---
      duration_ms: 1.251961
      type: 'test'
      ...
    # Subtest: RST DATE 20260728
    ok 5 - RST DATE 20260728
      ---
      duration_ms: 0.651989
      type: 'test'
      ...
    # Subtest: ROAST ON 28 JUL 2026
    ok 6 - ROAST ON 28 JUL 2026
      ---
      duration_ms: 1.552453
      type: 'test'
      ...
    # Subtest: ROAST DATE JUL 28 2026
    ok 7 - ROAST DATE JUL 28 2026
      ---
      duration_ms: 1.240499
      type: 'test'
      ...
    # Subtest: 出炉日期 26年7月28日
    ok 8 - 出炉日期 26年7月28日
      ---
      duration_ms: 1.72772
      type: 'test'
      ...
    # Subtest: 烘焙日 26-07-28
    ok 9 - 烘焙日 26-07-28
      ---
      duration_ms: 1.349534
      type: 'test'
      ...
    # Subtest: 烘烤日期 26.0728
    ok 10 - 烘烤日期 26.0728
      ---
      duration_ms: 0.670493
      type: 'test'
      ...
    # Subtest: 生产日期：2026-07-21
    ok 11 - 生产日期：2026-07-21
      ---
      duration_ms: 3.419948
      type: 'test'
      ...
    # Subtest: MFG DATE 2026/07/21
    ok 12 - MFG DATE 2026/07/21
      ---
      duration_ms: 0.434903
      type: 'test'
      ...
    # Subtest: MFD 20260721
    ok 13 - MFD 20260721
      ---
      duration_ms: 0.332462
      type: 'test'
      ...
    # Subtest: 包装日期 2026.07.22
    ok 14 - 包装日期 2026.07.22
      ---
      duration_ms: 0.85082
      type: 'test'
      ...
    # Subtest: PACKED ON 2026-07-22
    ok 15 - PACKED ON 2026-07-22
      ---
      duration_ms: 0.729194
      type: 'test'
      ...
    # Subtest: PKD 20260722
    ok 16 - PKD 20260722
      ---
      duration_ms: 0.356126
      type: 'test'
      ...
    # Subtest: 最佳赏味期 2026-10-28
    ok 17 - 最佳赏味期 2026-10-28
      ---
      duration_ms: 0.437979
      type: 'test'
      ...
    # Subtest: BEST BEFORE 2026/10/28
    ok 18 - BEST BEFORE 2026/10/28
      ---
      duration_ms: 0.378968
      type: 'test'
      ...
    # Subtest: BBE 28 OCT 2026
    ok 19 - BBE 28 OCT 2026
      ---
      duration_ms: 0.418392
      type: 'test'
      ...
    # Subtest: 有效期至 2027年1月5日
    ok 20 - 有效期至 2027年1月5日
      ---
      duration_ms: 0.384338
      type: 'test'
      ...
    # Subtest: EXP 2027-01-05
    ok 21 - EXP 2027-01-05
      ---
      duration_ms: 0.396421
      type: 'test'
      ...
    # Subtest: USE BY JAN 5 2027
    ok 22 - USE BY JAN 5 2027
      ---
      duration_ms: 0.363139
      type: 'test'
      ...
    # Subtest: 埃塞俄比亚 / 2026-07-28
    ok 23 - 埃塞俄比亚 / 2026-07-28
      ---
      duration_ms: 1.26721
      type: 'test'
      ...
    # Subtest: DATE 2026/07/28
    ok 24 - DATE 2026/07/28
      ---
      duration_ms: 0.293639
      type: 'test'
      ...
    # Subtest: LOT 20260728
    ok 25 - LOT 20260728
      ---
      duration_ms: 0.294971
      type: 'test'
      ...
    # Subtest: 2026年7月28日
    ok 26 - 2026年7月28日
      ---
      duration_ms: 0.305762
      type: 'test'
      ...
    # Subtest: 28/07/2026
    ok 27 - 28/07/2026
      ---
      duration_ms: 0.703335
      type: 'test'
      ...
    # Subtest: 07/08/2026
    ok 28 - 07/08/2026
      ---
      duration_ms: 0.479947
      type: 'test'
      ...
    # Subtest: ROAST DATE 07/08/2026
    ok 29 - ROAST DATE 07/08/2026
      ---
      duration_ms: 0.4812
      type: 'test'
      ...
    # Subtest: ROAST DATE 2026-07-28 / ROAST DATE 2026-07-29
    ok 30 - ROAST DATE 2026-07-28 / ROAST DATE 2026-07-29
      ---
      duration_ms: 0.62605
      type: 'test'
      ...
    1..30
ok 35 - 30-case date ownership golden set has zero silent non-roast assignments
  ---
  duration_ms: 34.333814
  type: 'test'
  ...
# Subtest: review model exposes automatic, excluded and unresolved candidates together
ok 36 - review model exposes automatic, excluded and unresolved candidates together
  ---
  duration_ms: 8.042027
  type: 'test'
  ...
# Subtest: unresolved candidate requires an explicit date assignment before confirmation
ok 37 - unresolved candidate requires an explicit date assignment before confirmation
  ---
  duration_ms: 1.131666
  type: 'test'
  ...
# Subtest: user confirmation retains source provenance instead of inventing confidence 1
ok 38 - user confirmation retains source provenance instead of inventing confidence 1
  ---
  duration_ms: 0.944797
  type: 'test'
  ...
# Subtest: two roast date selections are rejected
ok 39 - two roast date selections are rejected
  ---
  duration_ms: 1.997104
  type: 'test'
  ...
# Subtest: candidate value cannot be replaced with an unrecognized date
ok 40 - candidate value cannot be replaced with an unrecognized date
  ---
  duration_ms: 0.549707
  type: 'test'
  ...
# Subtest: stale or fabricated candidate id is rejected
ok 41 - stale or fabricated candidate id is rejected
  ---
  duration_ms: 0.648502
  type: 'test'
  ...
# Subtest: all candidates may be ignored without silently restoring automatic roast date
ok 42 - all candidates may be ignored without silently restoring automatic roast date
  ---
  duration_ms: 1.065512
  type: 'test'
  ...
# Subtest: ambiguous day-month candidate can only resolve to one offered value
ok 43 - ambiguous day-month candidate can only resolve to one offered value
  ---
  duration_ms: 1.514021
  type: 'test'
  ...
# Subtest: duplicate submission of the same candidate is rejected
ok 44 - duplicate submission of the same candidate is rejected
  ---
  duration_ms: 0.799334
  type: 'test'
  ...
# Subtest: numeric Ethiopian variety codes are split into independent exact candidates
ok 45 - numeric Ethiopian variety codes are split into independent exact candidates
  ---
  duration_ms: 32.153244
  type: 'test'
  ...
# Subtest: multiple labeled varieties stay unresolved instead of silently choosing the first code
ok 46 - multiple labeled varieties stay unresolved instead of silently choosing the first code
  ---
  duration_ms: 22.633561
  type: 'test'
  ...
# Subtest: spaced alphanumeric variety codes survive OCR tokenization
ok 47 - spaced alphanumeric variety codes survive OCR tokenization
  ---
  duration_ms: 8.752656
  type: 'test'
  ...
# Subtest: explicit numeric roast levels map only within the labeled 0-6 scale
ok 48 - explicit numeric roast levels map only within the labeled 0-6 scale
  ---
  duration_ms: 1.582298
  type: 'test'
  ...
# Subtest: mixed label layouts preserve separate variety and roast evidence
ok 49 - mixed label layouts preserve separate variety and roast evidence
  ---
  duration_ms: 3.498902
  type: 'test'
  ...
# Subtest: equally exact codebook candidates remain a manual choice
ok 50 - equally exact codebook candidates remain a manual choice
  ---
  duration_ms: 7.057957
  type: 'test'
  ...
# Subtest: unsupported region evidence has no reliable candidates
ok 51 - unsupported region evidence has no reliable candidates
  ---
  duration_ms: 6.093814
  type: 'test'
  ...
# Subtest: recognition review UI contains only unresolved fields and disappears when none remain
ok 52 - recognition review UI contains only unresolved fields and disappears when none remain
  ---
  duration_ms: 1.134171
  type: 'test'
  ...
# Subtest: recognition provenance remains persisted for audit without becoming confirmed-field UI
ok 53 - recognition provenance remains persisted for audit without becoming confirmed-field UI
  ---
  duration_ms: 0.217476
  type: 'test'
  ...
# Subtest: confirmed roast date is still saved from the final form value
ok 54 - confirmed roast date is still saved from the final form value
  ---
  duration_ms: 0.276417
  type: 'test'
  ...
# Subtest: custom dropdown opens its editor after select change dispatch completes
ok 55 - custom dropdown opens its editor after select change dispatch completes
  ---
  duration_ms: 0.154479
  type: 'test'
  ...
# Subtest: reversed inline key-value keeps the semantic field association
ok 56 - reversed inline key-value keeps the semantic field association
  ---
  duration_ms: 3.886898
  type: 'test'
  ...
# Subtest: same-row value before label is paired by geometry and field semantics
ok 57 - same-row value before label is paired by geometry and field semantics
  ---
  duration_ms: 1.355545
  type: 'test'
  ...
# Subtest: vertical title and value are paired in either reading direction
ok 58 - vertical title and value are paired in either reading direction
  ---
  duration_ms: 0.83991
  type: 'test'
  ...
# Subtest: standalone unordered coffee entities remain available instead of being forced into unrelated fields
ok 59 - standalone unordered coffee entities remain available instead of being forced into unrelated fields
  ---
  duration_ms: 2.124052
  type: 'test'
  ...
# Subtest: range hyphen is preserved as value content rather than treated as a field separator
ok 60 - range hyphen is preserved as value content rather than treated as a field separator
  ---
  duration_ms: 0.968671
  type: 'test'
  ...
# Subtest: English labels and coffee values become Chinese canonical bean fields
ok 61 - English labels and coffee values become Chinese canonical bean fields
  ---
  duration_ms: 27.776791
  type: 'test'
  ...
# Subtest: unknown proper names are preserved and explicitly marked for review
ok 62 - unknown proper names are preserved and explicitly marked for review
  ---
  duration_ms: 14.049781
  type: 'test'
  ...
# Subtest: explicit numeric fields are parsed while unrelated numbers stay isolated
ok 63 - explicit numeric fields are parsed while unrelated numbers stay isolated
  ---
  duration_ms: 11.882738
  type: 'test'
  ...
# Subtest: Chinese, reverse-labelled and vertical fields share one canonical pipeline
ok 64 - Chinese, reverse-labelled and vertical fields share one canonical pipeline
  ---
  duration_ms: 7.729363
  type: 'test'
  ...
# Subtest: isolated unresolved country review is preserved without stealing mixed candidate panels
ok 65 - isolated unresolved country review is preserved without stealing mixed candidate panels
  ---
  duration_ms: 1.59342
  type: 'test'
  ...
# Subtest: main.6 bean detail does not expose roast code and pairs process with roast date
ok 66 - main.6 bean detail does not expose roast code and pairs process with roast date
  ---
  duration_ms: 1.525242
  type: 'test'
  ...
# Subtest: main.6 floating quadrant, radar labels and sensory footer obey theme/layout contract
ok 67 - main.6 floating quadrant, radar labels and sensory footer obey theme/layout contract
  ---
  duration_ms: 0.880226
  type: 'test'
  ...
# Subtest: main.6 preserves FAB visibility ownership and opens manual OCR editor explicitly
ok 68 - main.6 preserves FAB visibility ownership and opens manual OCR editor explicitly
  ---
  duration_ms: 0.631451
  type: 'test'
  ...
# Subtest: main.6 package review waits for recognition handoff completion instead of racing the form renderer
ok 69 - main.6 package review waits for recognition handoff completion instead of racing the form renderer
  ---
  duration_ms: 0.717862
  type: 'test'
  ...
# Subtest: main.6 unresolved semantic fields preserve review evidence for explicit bean-form confirmation
ok 70 - main.6 unresolved semantic fields preserve review evidence for explicit bean-form confirmation
  ---
  duration_ms: 0.424033
  type: 'test'
  ...
# Subtest: canonical brew plan preserves immersion semantics without replacing legacy plan
ok 71 - canonical brew plan preserves immersion semantics without replacing legacy plan
  ---
  duration_ms: 1.769118
  type: 'test'
  ...
# Subtest: BrewResult 1.1 carries spatial evidence and a superset flavor vector
ok 72 - BrewResult 1.1 carries spatial evidence and a superset flavor vector
  ---
  duration_ms: 1.436807
  type: 'test'
  ...
# Subtest: calculation coordinator attaches contracts on the authoritative runtime path
ok 73 - calculation coordinator attaches contracts on the authoritative runtime path
  ---
  duration_ms: 1.443139
  type: 'test'
  ...
# Subtest: history comparison prefers persisted BrewResult flavor over legacy trajectory summaries
ok 74 - history comparison prefers persisted BrewResult flavor over legacy trajectory summaries
  ---
  duration_ms: 1.338843
  type: 'test'
  ...
1..74
# tests 104
# suites 0
# pass 104
# fail 0
# cancelled 0
# skipped 0
# todo 0
# duration_ms 596.303988

All LuckyBean static and recognition regression checks passed
