
> luckybean-static-app@1.24.22 test:static
> node scripts/run-static-tests.mjs


[static] tests/v110-local-first-sync-static.mjs
LuckyBean 1.24P local-first, cache isolation and current BrewProfiles contract checks passed

[static] tests/v120-core-contracts-static.mjs
v1.2 core analysis, completed history, provider, spatial and environment-dialog contracts passed

[static] tests/v120-requirements-static.mjs
LuckyBean 1.24P single server account, mandatory sync, cache isolation, shared sorting and all-profile checks passed

[static] tests/v122-cloud-sync-safety.mjs
v1.23D cloud union baseline and deletion propagation checks passed

[static] tests/v123-brewprofiles-integration.mjs
TAP version 13
# Subtest: professional brew API has a persistent installation identity and no cloud-account dependency
ok 1 - professional brew API has a persistent installation identity and no cloud-account dependency
  ---
  duration_ms: 5.662045
  type: 'test'
  ...
# Subtest: catalog is authoritative, cached, and includes all six competition profiles
ok 2 - catalog is authoritative, cached, and includes all six competition profiles
  ---
  duration_ms: 1.98202
  type: 'test'
  ...
# Subtest: ratio defaults to automatic recommendation while preserving explicit manual override
ok 3 - ratio defaults to automatic recommendation while preserving explicit manual override
  ---
  duration_ms: 2.635646
  type: 'test'
  ...
# Subtest: cooling defaults to model recommendation and custom tail accepts 60°C
ok 4 - cooling defaults to model recommendation and custom tail accepts 60°C
  ---
  duration_ms: 2.040629
  type: 'test'
  ...
# Subtest: client rejects empty or incomplete target geometry
ok 5 - client rejects empty or incomplete target geometry
  ---
  duration_ms: 0.894348
  type: 'test'
  ...
# Subtest: new plan generation never converts an API failure into a fake successful 3D scene
ok 6 - new plan generation never converts an API failure into a fake successful 3D scene
  ---
  duration_ms: 2.839248
  type: 'test'
  ...
# Subtest: profile resolver accepts catalog IDs instead of a fixed explicit-profile whitelist
ok 7 - profile resolver accepts catalog IDs instead of a fixed explicit-profile whitelist
  ---
  duration_ms: 0.945825
  type: 'test'
  ...
1..7
# tests 7
# suites 0
# pass 7
# fail 0
# cancelled 0
# skipped 0
# todo 0
# duration_ms 23.003097

[static] tests/v123d-main-parity.mjs
TAP version 13
# Subtest: all pages use the same red seal slot geometry
ok 1 - all pages use the same red seal slot geometry
  ---
  duration_ms: 6.012583
  type: 'test'
  ...
# Subtest: bean custom fields and five-row brew order are locked to the current interaction contract
ok 2 - bean custom fields and five-row brew order are locked to the current interaction contract
  ---
  duration_ms: 3.944152
  type: 'test'
  ...
# Subtest: about section contains the shipped illustration
ok 3 - about section contains the shipped illustration
  ---
  duration_ms: 3.751099
  type: 'test'
  ...
# Subtest: settings data collection owns coffee world and preference profile
ok 4 - settings data collection owns coffee world and preference profile
  ---
  duration_ms: 2.945236
  type: 'test'
  ...
# Subtest: bean page shows inventory and health digest above its leaderboard
ok 5 - bean page shows inventory and health digest above its leaderboard
  ---
  duration_ms: 2.384876
  type: 'test'
  ...
# Subtest: cloud panel exposes status and both recovery actions
ok 6 - cloud panel exposes status and both recovery actions
  ---
  duration_ms: 1.174594
  type: 'test'
  ...
1..6
# tests 6
# suites 0
# pass 6
# fail 0
# cancelled 0
# skipped 0
# todo 0
# duration_ms 26.508896

[static] tests/v124-stable-data-format.mjs
Stable cross-project brew data is version-independent and uses the fixed six-target contract.

[static] tests/foundation-contract-regression.mjs
Coffee Foundation local contract regression passed

[static] tests/v125-root-state-models.mjs
v1.2.5 independent sensory state machines and LuckyBean 1.24P Android package contracts passed

[static] tests/v124p-release-contract.mjs
LuckyBean 1.24P canonical release identity, npm metadata, BrewResult consumers and same-SHA signed deployment contract passed

[static] tests/v124p-startup-auth-hotfix-static.mjs
LuckyBean P0 deterministic head snapshot consumption, module auth and startup compatibility contract passed

[static] tests/v124p-auth-ocr-ai-hotfix-static.mjs
LuckyBean P0 deterministic auth callback, Safari OCR fallback and advisory AI recognition safety contract passed

[static] tests/v124p-local-first-data-architecture.mjs
local-first data architecture and final recognition integration contract passed

[static] tests/v124p-execution-copy-regression.mjs
v124p execution copy regression: ok

[static] tests/v127-dose-inventory-timer-regression.mjs
Dose allocation, custom dose, brew timer, and supported Android SDK package contracts passed

[static] tests/v124p-brew-action-emphasis.mjs
1.24P 1.24P-main.10 brew calculation, automatic selection, timer start and preparation actions are visually emphasized

[static] tests/v124p-pour-guide-regression.mjs
1.24P dynamic pour guidance contract passed

[static] tests/v123d-ui-sensory-regressions.mjs
LuckyBean 1.24P canonical settings and sensory regression contracts passed

[static] tests/v123e-batch-onboarding-static.mjs
LuckyBean canonical bean lifecycle, long-press onboarding, matching and spatial-preservation checks passed

[static] tests/v126-full-integration-static.mjs
v126 canonical full integration static checks passed

[static] tests/v127-user-regressions-static.mjs
v127 canonical cooling/gear ownership and 1.24P Android image pipeline static checks passed

[static] tests/v123e-cloud-gear-sync.mjs
LuckyBean 1.23E gear cloud-sync compatibility checks passed through the P2 codec facade

[static] tests/v123e-plan-contract-regression.mjs
Verified LuckyBean plan and brew-history validators accept BrewProfiles 2.0/2.1 and spatial 1.1/1.2/1.3 while rejecting unknown plan contracts.

[static] tests/v123e-freshness-timeline-regression.mjs
LuckyBean 1.24P immediate one-line freshness timeline and stage grouping checks passed

[static] tests/v123e-interaction-repair-static.mjs
LuckyBean 1.24P canonical QR, responsive camera, bean matching, gear, flavor taxonomy, user-guide and interaction release checks passed

[static] tests/v123e-gear-matching-regression.mjs
LuckyBean 1.24P canonical gear binding, direct bean matching, QR runtime and upgrade release checks passed

[static] tests/v123e-android-gallery-uri-regression.mjs
LuckyBean Android gallery URI routing regression checks passed

[static] tests/v123e-small-brew-five-row-regression.mjs
LuckyBean 1.24P compact small-brew, automatic-field and Android upgrade contract passed

[static] tests/v123e-ui-stability-static.mjs
LuckyBean 1.24P 1.24P-main.10 canonical UI stability, fun-only native recommendation prompt ownership, shared bean-group state, shared sorting and text brew UI regression checks passed

[static] tests/v123e-navigation-back-static.mjs
LuckyBean 1.24P Stage 1 semantic navigation, single scrim, draft guard and Android gesture contracts passed

[static] tests/v123e-brew-optimization-regression.mjs
post-tasting optimization, deterministic spatial trend and release-signature guards passed

[static] tests/v123e-recognition-pipeline-static.mjs
Recognition document is the single translated and structured bean-entry source with isolated async document ownership

[static] tests/v124b-lifecycle-ocr-storage-regression.mjs
LuckyBean 1.24P lifecycle, serial OCR, transit/frozen storage, order parsing and local brew regression checks passed

[static] tests/v124b-ocr-worker-freeze-regression.mjs
LuckyBean 1.24P browser OCR is same-origin, lazy, capture-reusable, memory-bounded, ROI-capable, timeout-bounded, and has no automatic Tesseract fallback

[static] tests/v124b-ui-policy-regression.mjs
LuckyBean 1.24P single-owner bean group state, hidden preference leaderboard policy, shared live-preview sorting, text brew UI and Web/Android parity contracts passed

[static] tests/v124b-recommendation-prompt-regression.mjs
LuckyBean 1.24P fun recommendation prompt contract passed: original fun library retained, five-mode selection mechanics unchanged, duplicate result toast removed, and runtime cache follows canonical release metadata

[static] tests/p3-ux-sync-regression.mjs
P3 UX, automatic OCR, real OCR progress, 3D fullscreen and manifest-first sync contracts passed

[static] test:recognition
TAP version 13
# Subtest: sums every bean remaining weight and counts authoritative consumption events once
ok 1 - sums every bean remaining weight and counts authoritative consumption events once
  ---
  duration_ms: 2.522133
  type: 'test'
  ...
# Subtest: restored mistaken brew is removed from today total
ok 2 - restored mistaken brew is removed from today total
  ---
  duration_ms: 0.414708
  type: 'test'
  ...
# Subtest: warns when latest completed consumption is within the configured sleep buffer
ok 3 - warns when latest completed consumption is within the configured sleep buffer
  ---
  duration_ms: 0.503305
  type: 'test'
  ...
# Subtest: uses a higher caffeine estimate for robusta beans
ok 4 - uses a higher caffeine estimate for robusta beans
  ---
  duration_ms: 1.347128
  type: 'test'
  ...
# Subtest: JARC and Ethiopian landrace shortening are display-only projections
ok 5 - JARC and Ethiopian landrace shortening are display-only projections
  ---
  duration_ms: 1.801029
  type: 'test'
  ...
# Subtest: compact card follows country/origin/variety and roast/process/remaining structure
ok 6 - compact card follows country/origin/variety and roast/process/remaining structure
  ---
  duration_ms: 1.263181
  type: 'test'
  ...
# Subtest: harvest season is compacted for display without changing stored data
ok 7 - harvest season is compacted for display without changing stored data
  ---
  duration_ms: 0.7997
  type: 'test'
  ...
# Subtest: detail projection exposes exactly origin/process/season and roast date/level/color rows
ok 8 - detail projection exposes exactly origin/process/season and roast date/level/color rows
  ---
  duration_ms: 2.412427
  type: 'test'
  ...
# Subtest: detail projection omits absent values instead of inventing placeholders
ok 9 - detail projection omits absent values instead of inventing placeholders
  ---
  duration_ms: 0.47448
  type: 'test'
  ...
# Subtest: under 20g, recommend one brew using available amount
ok 10 - under 20g, recommend one brew using available amount
  ---
  duration_ms: 1.766023
  type: 'test'
  ...
# Subtest: 20g to under 30g covers 28g and 27g allocation
ok 11 - 20g to under 30g covers 28g and 27g allocation
  ---
  duration_ms: 0.33078
  type: 'test'
  ...
# Subtest: below-minimum stock is surfaced and 30g is outside prompt range
ok 12 - below-minimum stock is surfaced and 30g is outside prompt range
  ---
  duration_ms: 0.198793
  type: 'test'
  ...
# Subtest: split doses stay supported and sum to displayed inventory
ok 13 - split doses stay supported and sum to displayed inventory
  ---
  duration_ms: 1.46518
  type: 'test'
  ...
# Subtest: delete intent is durably recorded before canonical bean removal
ok 14 - delete intent is durably recorded before canonical bean removal
  ---
  duration_ms: 0.931868
  type: 'test'
  ...
# Subtest: remote merge and full restore both enforce active delete mutations
ok 15 - remote merge and full restore both enforce active delete mutations
  ---
  duration_ms: 0.271229
  type: 'test'
  ...
# Subtest: newer explicit delete wins over older restore or upsert-era state
ok 16 - newer explicit delete wins over older restore or upsert-era state
  ---
  duration_ms: 2.778494
  type: 'test'
  ...
# Subtest: explicit restore newer than delete is the only lifecycle operation that clears tombstone
ok 17 - explicit restore newer than delete is the only lifecycle operation that clears tombstone
  ---
  duration_ms: 0.449644
  type: 'test'
  ...
# Subtest: ledger retains one deterministic latest mutation per bean
ok 18 - ledger retains one deterministic latest mutation per bean
  ---
  duration_ms: 13.690812
  type: 'test'
  ...
# Subtest: invalid lifecycle records are rejected instead of becoming implicit deletes
ok 19 - invalid lifecycle records are rejected instead of becoming implicit deletes
  ---
  duration_ms: 0.365586
  type: 'test'
  ...
# Subtest: selection query combines date, remaining, country and origin filters with AND semantics
ok 20 - selection query combines date, remaining, country and origin filters with AND semantics
  ---
  duration_ms: 2.247748
  type: 'test'
  ...
# Subtest: zero remaining threshold is treated as an explicit numeric boundary
ok 21 - zero remaining threshold is treated as an explicit numeric boundary
  ---
  duration_ms: 0.355677
  type: 'test'
  ...
# Subtest: thumbnail bytes live in an independent local IndexedDB database
ok 22 - thumbnail bytes live in an independent local IndexedDB database
  ---
  duration_ms: 1.126524
  type: 'test'
  ...
# Subtest: required maker and brand are saved separately from local thumbnails
ok 23 - required maker and brand are saved separately from local thumbnails
  ---
  duration_ms: 0.365536
  type: 'test'
  ...
# Subtest: squash merge is disposable only when exact head and merge commit are verified
ok 24 - squash merge is disposable only when exact head and merge commit are verified
  ---
  duration_ms: 1.682077
  type: 'test'
  ...
# Subtest: open PRs and other projects remain protected even with ancestry
ok 25 - open PRs and other projects remain protected even with ancestry
  ---
  duration_ms: 0.33058
  type: 'test'
  ...
# Subtest: superseded unmerged work needs exact manifest, a closed PR and an archive
ok 26 - superseded unmerged work needs exact manifest, a closed PR and an archive
  ---
  duration_ms: 0.472707
  type: 'test'
  ...
# Subtest: brew-analysis/2.0 authoritative plan does not require a legacy schemaVersion
ok 27 - brew-analysis/2.0 authoritative plan does not require a legacy schemaVersion
  ---
  duration_ms: 1.60964
  type: 'test'
  ...
# Subtest: production analysis envelope adapts into a plan accepted by the page validator
ok 28 - production analysis envelope adapts into a plan accepted by the page validator
  ---
  duration_ms: 2.190551
  type: 'test'
  ...
# Subtest: unknown analysis contracts and unversioned legacy plans remain rejected
ok 29 - unknown analysis contracts and unversioned legacy plans remain rejected
  ---
  duration_ms: 0.666591
  type: 'test'
  ...
# Subtest: cold brew validates stage water against brew water and recipe total independently
ok 30 - cold brew validates stage water against brew water and recipe total independently
  ---
  duration_ms: 0.532249
  type: 'test'
  ...
# Subtest: 参数重算保留同一豆卡已经实际采用的方案
ok 31 - 参数重算保留同一豆卡已经实际采用的方案
  ---
  duration_ms: 5.577056
  type: 'test'
  ...
# Subtest: 不同豆卡或手动选择方案时不会沿用旧方案
ok 32 - 不同豆卡或手动选择方案时不会沿用旧方案
  ---
  duration_ms: 1.469378
  type: 'test'
  ...
# Subtest: 并发计算采用 latest-wins，旧结果不能覆盖新结果
ok 33 - 并发计算采用 latest-wins，旧结果不能覆盖新结果
  ---
  duration_ms: 0.708249
  type: 'test'
  ...
# Subtest: BrewProfiles deadline covers body reading and retries the identical deterministic request
ok 34 - BrewProfiles deadline covers body reading and retries the identical deterministic request
  ---
  duration_ms: 69.117673
  type: 'test'
  ...
# Subtest: BrewProfiles preserves expected authorization failures and CORS status without retry
ok 35 - BrewProfiles preserves expected authorization failures and CORS status without retry
  ---
  duration_ms: 3.760457
  type: 'test'
  ...
# Subtest: BrewProfiles transient HTTP retry remains finite and returns persistent failure for assertions
ok 36 - BrewProfiles transient HTTP retry remains finite and returns persistent failure for assertions
  ---
  duration_ms: 3.49058
  type: 'test'
  ...
# Subtest: BrewProfiles helper refuses AI/unrelated endpoints before making a request
ok 37 - BrewProfiles helper refuses AI/unrelated endpoints before making a request
  ---
  duration_ms: 0.379722
  type: 'test'
  ...
# Subtest: 总分低于预测分不会单独触发冲煮优化
ok 38 - 总分低于预测分不会单独触发冲煮优化
  ---
  duration_ms: 3.104566
  type: 'test'
  ...
# Subtest: 品鉴后的具体负面维度触发可解释优化
ok 39 - 品鉴后的具体负面维度触发可解释优化
  ---
  duration_ms: 1.011378
  type: 'test'
  ...
# Subtest: 雷达轴只比较同组平均且无完成冲煮时不提示优化
ok 40 - 雷达轴只比较同组平均且无完成冲煮时不提示优化
  ---
  duration_ms: 1.468947
  type: 'test'
  ...
# Subtest: 实际执行明显偏离方案时不把负面结果归因于方案
ok 41 - 实际执行明显偏离方案时不把负面结果归因于方案
  ---
  duration_ms: 0.469531
  type: 'test'
  ...
# Subtest: 个人靶区至少三次证据后才改变，标准靶区保持不变
ok 42 - 个人靶区至少三次证据后才改变，标准靶区保持不变
  ---
  duration_ms: 1.399476
  type: 'test'
  ...
# Subtest: accepts a catalog with balanced hot and cold auto-recommend profiles
ok 43 - accepts a catalog with balanced hot and cold auto-recommend profiles
  ---
  duration_ms: 1.709278
  type: 'test'
  ...
# Subtest: rejects a catalog whose declared profile count differs from the payload
ok 44 - rejects a catalog whose declared profile count differs from the payload
  ---
  duration_ms: 0.26663
  type: 'test'
  ...
# Subtest: rejects a cold profile whose recipe water does not equal brew water + ice + bypass
ok 45 - rejects a cold profile whose recipe water does not equal brew water + ice + bypass
  ---
  duration_ms: 1.259484
  type: 'test'
  ...
# Subtest: rejects catalogs that cannot auto-recommend in both hot and cold modes
ok 46 - rejects catalogs that cannot auto-recommend in both hot and cold modes
  ---
  duration_ms: 0.306335
  type: 'test'
  ...
# Subtest: three strategy objectives select three structurally distinct profiles without mutating shared targets
ok 47 - three strategy objectives select three structurally distinct profiles without mutating shared targets
  ---
  duration_ms: 3.157365
  type: 'test'
  ...
# Subtest: method-layer target projections are bounded and remain product-local
ok 48 - method-layer target projections are bounded and remain product-local
  ---
  duration_ms: 0.665439
  type: 'test'
  ...
# Subtest: authoritative candidate metadata is reused without changing the outer objective choice
ok 49 - authoritative candidate metadata is reused without changing the outer objective choice
  ---
  duration_ms: 0.646362
  type: 'test'
  ...
# Subtest: timer follows preparation, active/waiting, draining and finish
ok 50 - timer follows preparation, active/waiting, draining and finish
  ---
  duration_ms: 1.362607
  type: 'test'
  ...
# Subtest: cancellation returns to ready
ok 51 - cancellation returns to ready
  ---
  duration_ms: 0.230592
  type: 'test'
  ...
# Subtest: invalid transitions are rejected
ok 52 - invalid transitions are rejected
  ---
  duration_ms: 0.688933
  type: 'test'
  ...
# Subtest: HTTP retry includes a stalled body, retries transient failures, and rejects access failures without retry
ok 53 - HTTP retry includes a stalled body, retries transient failures, and rejects access failures without retry
  ---
  duration_ms: 74.193948
  type: 'test'
  ...
# Subtest: release gate retains same-SHA success after cancellation but blocks a newer failure or running validation
ok 54 - release gate retains same-SHA success after cancellation but blocks a newer failure or running validation
  ---
  duration_ms: 2.183638
  type: 'test'
  ...
# Subtest: service worker caches an independent response body while the caller consumes the original, with cache failure isolated
ok 55 - service worker caches an independent response body while the caller consumes the original, with cache failure isolated
  ---
  duration_ms: 6.71433
  type: 'test'
  ...
# Subtest: production prediction recovery uses the same image once in compatibility mode and stops if the retry also times out
ok 56 - production prediction recovery uses the same image once in compatibility mode and stops if the retry also times out
  ---
  duration_ms: 4.46576
  type: 'test'
  ...
# Subtest: bean lifecycle mutation packet round-trips without changing the existing sync format version
ok 57 - bean lifecycle mutation packet round-trips without changing the existing sync format version
  ---
  duration_ms: 1.119701
  type: 'test'
  ...
# Subtest: Knowledge resolution issue is exposed as an automatic-resolution decision
ok 58 - Knowledge resolution issue is exposed as an automatic-resolution decision
  ---
  duration_ms: 11.622671
  type: 'test'
  ...
# Subtest: name-only OCR cannot silently resolve a researched ambiguous farm
ok 59 - name-only OCR cannot silently resolve a researched ambiguous farm
  ---
  duration_ms: 42.778195
  type: 'test'
  ...
# Subtest: explicit stable core code remains usable for historical/explicit-code compatibility
ok 60 - explicit stable core code remains usable for historical/explicit-code compatibility
  ---
  duration_ms: 29.946849
  type: 'test'
  ...
# Subtest: Coffee Knowledge provider is optional and preserves QR-core ownership
ok 61 - Coffee Knowledge provider is optional and preserves QR-core ownership
  ---
  duration_ms: 1.260395
  type: 'test'
  ...
# Subtest: knowledge aliases augment matching without changing QR indexes or visible columns
ok 62 - knowledge aliases augment matching without changing QR indexes or visible columns
  ---
  duration_ms: 1.920945
  type: 'test'
  ...
# Subtest: Japanese/Korean OCR text resolves to existing v6 codes through hidden knowledge aliases
ok 63 - Japanese/Korean OCR text resolves to existing v6 codes through hidden knowledge aliases
  ---
  duration_ms: 8.422816
  type: 'test'
  ...
# Subtest: knowledge-only WCR varieties can match OCR evidence without receiving a QR core code
ok 64 - knowledge-only WCR varieties can match OCR evidence without receiving a QR core code
  ---
  duration_ms: 2.236156
  type: 'test'
  ...
# Subtest: existing v6 variety ownership remains higher priority than knowledge-only candidates
ok 65 - existing v6 variety ownership remains higher priority than knowledge-only candidates
  ---
  duration_ms: 2.000404
  type: 'test'
  ...
# Subtest: canonical knowledge identity is available without rewriting decoded core codes
ok 66 - canonical knowledge identity is available without rewriting decoded core codes
  ---
  duration_ms: 0.423976
  type: 'test'
  ...
# Subtest: gallery failure preserves original files for retry and never turns an error into OCR evidence
ok 67 - gallery failure preserves original files for retry and never turns an error into OCR evidence
  ---
  duration_ms: 5.532272
  type: 'test'
  ...
# Subtest: late gallery completion cannot populate a capture that the user already closed
ok 68 - late gallery completion cannot populate a capture that the user already closed
  ---
  duration_ms: 1.547504
  type: 'test'
  ...
# Subtest: JPEG header parser obtains source dimensions, EXIF orientation and embedded thumbnail without image decode
ok 69 - JPEG header parser obtains source dimensions, EXIF orientation and embedded thumbnail without image decode
  ---
  duration_ms: 2.783073
  type: 'test'
  ...
# Subtest: gallery preview is thumbnail-first and has no full-resolution probe decode
ok 70 - gallery preview is thumbnail-first and has no full-resolution probe decode
  ---
  duration_ms: 6.250318
  type: 'test'
  ...
# Subtest: final gallery crop is performed in a bounded worker and releases bitmap/canvas resources
ok 71 - final gallery crop is performed in a bounded worker and releases bitmap/canvas resources
  ---
  duration_ms: 2.89376
  type: 'test'
  ...
# Subtest: final crop uses the same EXIF-oriented coordinate space as the thumbnail preview
ok 72 - final crop uses the same EXIF-oriented coordinate space as the thumbnail preview
  ---
  duration_ms: 1.286153
  type: 'test'
  ...
# Subtest: gallery flow releases preview before original processing and marks result OCR-ready
ok 73 - gallery flow releases preview before original processing and marks result OCR-ready
  ---
  duration_ms: 1.30041
  type: 'test'
  ...
# Subtest: OCR-ready crop bypasses preparePackageImage decode, quality scan and second JPEG encode
ok 74 - OCR-ready crop bypasses preparePackageImage decode, quality scan and second JPEG encode
  ---
  duration_ms: 1.514652
  type: 'test'
  ...
# Subtest: memory model keeps preview raster tiny relative to a 48 MP source
ok 75 - memory model keeps preview raster tiny relative to a 48 MP source
  ---
  duration_ms: 0.190928
  type: 'test'
  ...
# Subtest: gallery preview never aborts solely because an EXIF thumbnail is broken
ok 76 - gallery preview never aborts solely because an EXIF thumbnail is broken
  ---
  duration_ms: 8.196901
  type: 'test'
  ...
# Subtest: gallery preview has a second bounded decoder path before failing
ok 77 - gallery preview has a second bounded decoder path before failing
  ---
  duration_ms: 2.068341
  type: 'test'
  ...
# Subtest: gallery preview failures must be user-visible instead of silently swallowing upload
ok 78 - gallery preview failures must be user-visible instead of silently swallowing upload
  ---
  duration_ms: 1.571409
  type: 'test'
  ...
# Subtest: package capture routes the real gallery input directly through preprocessFiles before addFiles
ok 79 - package capture routes the real gallery input directly through preprocessFiles before addFiles
  ---
  duration_ms: 3.34657
  type: 'test'
  ...
# Subtest: harvest aliases cover five languages
ok 80 - harvest aliases cover five languages
  ---
  duration_ms: 2.432314
  type: 'test'
  ...
# Subtest: harvest parser normalizes multilingual seasons
ok 81 - harvest parser normalizes multilingual seasons
  ---
  duration_ms: 1.836316
  type: 'test'
  ...
# Subtest: labelled harvest data cannot leak into roast altitude or weight
ok 82 - labelled harvest data cannot leak into roast altitude or weight
  ---
  duration_ms: 7.783696
  type: 'test'
  ...
# Subtest: layout parser recognizes reversed Japanese and Korean harvest labels
ok 83 - layout parser recognizes reversed Japanese and Korean harvest labels
  ---
  duration_ms: 2.597765
  type: 'test'
  ...
# Subtest: oversized package photos are decoder-bounded before any full-raster canvas work
ok 84 - oversized package photos are decoder-bounded before any full-raster canvas work
  ---
  duration_ms: 1.241179
  type: 'test'
  ...
# Subtest: quality sampling releases its canvas before the OCR JPEG output canvas is allocated
ok 85 - quality sampling releases its canvas before the OCR JPEG output canvas is allocated
  ---
  duration_ms: 0.289513
  type: 'test'
  ...
# Subtest: native Android OCR bypasses WebView decode, pixel scan and JPEG re-encode
ok 86 - native Android OCR bypasses WebView decode, pixel scan and JPEG re-encode
  ---
  duration_ms: 3.291586
  type: 'test'
  ...
# Subtest: web package OCR preserves detail up to the PP-OCR detector budget
ok 87 - web package OCR preserves detail up to the PP-OCR detector budget
  ---
  duration_ms: 1.227364
  type: 'test'
  ...
# Subtest: DraftGuard installs beforeunload only while dirty
ok 88 - DraftGuard installs beforeunload only while dirty
  ---
  duration_ms: 2.053453
  type: 'test'
  ...
# Subtest: FlowNavigation prefers the latest highest-priority active handler
ok 89 - FlowNavigation prefers the latest highest-priority active handler
  ---
  duration_ms: 0.444324
  type: 'test'
  ...
# Subtest: RootExitGuard requires hint, confirmation and explicit exit
ok 90 - RootExitGuard requires hint, confirmation and explicit exit
  ---
  duration_ms: 0.585549
  type: 'test'
  ...
# Subtest: ordinary web root is not trapped by application history hacks
ok 91 - ordinary web root is not trapped by application history hacks
  ---
  duration_ms: 0.558387
  type: 'test'
  ...
# Subtest: navigation priority is overlay then flow then child then root
ok 92 - navigation priority is overlay then flow then child then root
  ---
  duration_ms: 0.610536
  type: 'test'
  ...
# Subtest: dirty context asks NavigationManager for confirmation without DraftGuard navigating
ok 93 - dirty context asks NavigationManager for confirmation without DraftGuard navigating
  ---
  duration_ms: 0.407545
  type: 'test'
  ...
# Subtest: recommends using the remaining amount when it is a supported small brew dose
ok 94 - recommends using the remaining amount when it is a supported small brew dose
  ---
  duration_ms: 1.217464
  type: 'test'
  ...
# Subtest: does not recommend a dose outside the supported range or at the 20g boundary
ok 95 - does not recommend a dose outside the supported range or at the 20g boundary
  ---
  duration_ms: 0.236144
  type: 'test'
  ...
# Subtest: archive round-trip preserves every portable store
ok 96 - archive round-trip preserves every portable store
  ---
  duration_ms: 15.281115
  type: 'test'
  ...
# Subtest: archive rejects tampered store data
ok 97 - archive rejects tampered store data
  ---
  duration_ms: 3.252814
  type: 'test'
  ...
# Subtest: legacy 1.2.x JSON backup migrates without inventing records
ok 98 - legacy 1.2.x JSON backup migrates without inventing records
  ---
  duration_ms: 0.659277
  type: 'test'
  ...
# Subtest: future schema cannot be imported
ok 99 - future schema cannot be imported
  ---
  duration_ms: 3.983044
  type: 'test'
  ...
# Subtest: media tasting UI is loaded and adds a generator beside sensory records
ok 100 - media tasting UI is loaded and adds a generator beside sensory records
  ---
  duration_ms: 6.485991
  type: 'test'
  ...
# Subtest: custom templates persist but generated media copy is explicitly ephemeral
ok 101 - custom templates persist but generated media copy is explicitly ephemeral
  ---
  duration_ms: 1.742611
  type: 'test'
  ...
# Subtest: media AI client uses the existing public gateway pattern and an explicit contract
ok 102 - media AI client uses the existing public gateway pattern and an explicit contract
  ---
  duration_ms: 1.147684
  type: 'test'
  ...
# Subtest: production OCR uses only the session fast-path provider without the adaptive ROI wrapper
ok 103 - production OCR uses only the session fast-path provider without the adaptive ROI wrapper
  ---
  duration_ms: 8.444597
  type: 'test'
  ...
# Subtest: fast path preserves 2200px detector budget and only falls back after a real runtime failure
ok 104 - fast path preserves 2200px detector budget and only falls back after a real runtime failure
  ---
  duration_ms: 1.903983
  type: 'test'
  ...
# Subtest: gallery wrapper applies 1600/3000 automatic policy while camera input stays direct
ok 105 - gallery wrapper applies 1600/3000 automatic policy while camera input stays direct
  ---
  duration_ms: 4.49768
  type: 'test'
  ...
# Subtest: bounded preparation may retain the original compressed blob without enabling a second OCR pass
ok 106 - bounded preparation may retain the original compressed blob without enabling a second OCR pass
  ---
  duration_ms: 2.317018
  type: 'test'
  ...
# Subtest: per-image progress reaches 100 only when the outer image task really completes
ok 107 - per-image progress reaches 100 only when the outer image task really completes
  ---
  duration_ms: 4.1403
  type: 'test'
  ...
# Subtest: OCR provider is registered before capture and model warmup starts only from an explicit add-session
ok 108 - OCR provider is registered before capture and model warmup starts only from an explicit add-session
  ---
  duration_ms: 10.158913
  type: 'test'
  ...
# Subtest: terminal OCR batches are purged and never restored as active progress
ok 109 - terminal OCR batches are purged and never restored as active progress
  ---
  duration_ms: 1.669012
  type: 'test'
  ...
# Subtest: web package preprocessing is memory-aware and explicitly releases canvas buffers
ok 110 - web package preprocessing is memory-aware and explicitly releases canvas buffers
  ---
  duration_ms: 1.821338
  type: 'test'
  ...
# Subtest: prediction timeout retries once with the same PP-OCR model in no-SIMD mode
ok 111 - prediction timeout retries once with the same PP-OCR model in no-SIMD mode
  ---
  duration_ms: 2.705457
  type: 'test'
  ...
# Subtest: service worker clones successful responses before asynchronous cache writes
ok 112 - service worker clones successful responses before asynchronous cache writes
  ---
  duration_ms: 1.356776
  type: 'test'
  ...
# Subtest: PP-OCRv5 retries exact ONNX session creation failures in local WASM compatibility mode
ok 113 - PP-OCRv5 retries exact ONNX session creation failures in local WASM compatibility mode
  ---
  duration_ms: 1.619389
  type: 'test'
  ...
# Subtest: ONNX session fallback is reached before the generic worker error is rethrown
ok 114 - ONNX session fallback is reached before the generic worker error is rethrown
  ---
  duration_ms: 1.155238
  type: 'test'
  ...
# Subtest: a second ONNX session failure can fall through to the same PP-OCRv5 main-thread WASM path
ok 115 - a second ONNX session failure can fall through to the same PP-OCRv5 main-thread WASM path
  ---
  duration_ms: 0.327114
  type: 'test'
  ...
# Subtest: ONNX compatibility memory is not mislabeled as a low-memory session flag
ok 116 - ONNX compatibility memory is not mislabeled as a low-memory session flag
  ---
  duration_ms: 0.222838
  type: 'test'
  ...
# Subtest: lightweight PP-OCR fast provider is registered before runtime feature orchestration with the same release URL
ok 117 - lightweight PP-OCR fast provider is registered before runtime feature orchestration with the same release URL
  ---
  duration_ms: 1.458216
  type: 'test'
  ...
# Subtest: deterministic fast-provider registration does not eagerly initialize SDK, models, or WASM
ok 118 - deterministic fast-provider registration does not eagerly initialize SDK, models, or WASM
  ---
  duration_ms: 1.564085
  type: 'test'
  ...
# Subtest: PP-OCRv5 handles real WebAssembly memory allocation failures without switching OCR engines
ok 119 - PP-OCRv5 handles real WebAssembly memory allocation failures without switching OCR engines
  ---
  duration_ms: 1.863317
  type: 'test'
  ...
# Subtest: low-memory device hints preserve the known-good 640/1280 detector geometry without forcing no-SIMD runtime
ok 120 - low-memory device hints preserve the known-good 640/1280 detector geometry without forcing no-SIMD runtime
  ---
  duration_ms: 1.503942
  type: 'test'
  ...
# Subtest: memory allocation failure is retried before generic worker startup handling
ok 121 - memory allocation failure is retried before generic worker startup handling
  ---
  duration_ms: 0.173456
  type: 'test'
  ...
# Subtest: failed worker resources are reclaimed before page-local low-memory retry
ok 122 - failed worker resources are reclaimed before page-local low-memory retry
  ---
  duration_ms: 0.645923
  type: 'test'
  ...
# Subtest: WebKit ONNX session failure enters the same PP-OCRv5 compatibility state machine
ok 123 - WebKit ONNX session failure enters the same PP-OCRv5 compatibility state machine
  ---
  duration_ms: 1.208027
  type: 'test'
  ...
# Subtest: PP-OCR Worker integrity is based on decoded manifest identity, not transfer Content-Length
ok 124 - PP-OCR Worker integrity is based on decoded manifest identity, not transfer Content-Length
  ---
  duration_ms: 1.551531
  type: 'test'
  ...
# Subtest: vendoring records decoded Worker byte length and SHA-256 in manifest
ok 125 - vendoring records decoded Worker byte length and SHA-256 in manifest
  ---
  duration_ms: 0.323948
  type: 'test'
  ...
# Subtest: production Worker fetch accepts decoded gzip content with a smaller transfer Content-Length
ok 126 - production Worker fetch accepts decoded gzip content with a smaller transfer Content-Length
  ---
  duration_ms: 45.720206
  type: 'test'
  ...
# Subtest: production Worker fetch rejects same-length corruption and missing manifest identity
ok 127 - production Worker fetch rejects same-length corruption and missing manifest identity
  ---
  duration_ms: 373.03308
  type: 'test'
  ...
# Subtest: bean card presentation reads lightweight beanSummaries rather than full histories
ok 128 - bean card presentation reads lightweight beanSummaries rather than full histories
  ---
  duration_ms: 3.161392
  type: 'test'
  ...
# Subtest: detail projection loads only the selected full bean and preserves existing action nodes
ok 129 - detail projection loads only the selected full bean and preserves existing action nodes
  ---
  duration_ms: 0.244709
  type: 'test'
  ...
# Subtest: detail fact sheet is content-only, slash-delimited and strips duplicate legacy labels
ok 130 - detail fact sheet is content-only, slash-delimited and strips duplicate legacy labels
  ---
  duration_ms: 0.448802
  type: 'test'
  ...
# Subtest: presentation controllers are core runtime features
ok 131 - presentation controllers are core runtime features
  ---
  duration_ms: 0.381616
  type: 'test'
  ...
# Subtest: bean directory summaries retain the roaster and product brand without storing thumbnails
ok 132 - bean directory summaries retain the roaster and product brand without storing thumbnails
  ---
  duration_ms: 0.405561
  type: 'test'
  ...
# Subtest: P2 batch manager owns all requested filters and delegates lifecycle changes
ok 133 - P2 batch manager owns all requested filters and delegates lifecycle changes
  ---
  duration_ms: 1.089264
  type: 'test'
  ...
# Subtest: group long press deletes a resolved group in one lifecycle batch
ok 134 - group long press deletes a resolved group in one lifecycle batch
  ---
  duration_ms: 0.237225
  type: 'test'
  ...
# Subtest: inventory controllers are startup core features, not parallel app-level state machines
ok 135 - inventory controllers are startup core features, not parallel app-level state machines
  ---
  duration_ms: 1.144247
  type: 'test'
  ...
# Subtest: photo OCR failure keeps the four-action flow and suppresses blank manual fallback UI
ok 136 - photo OCR failure keeps the four-action flow and suppresses blank manual fallback UI
  ---
  duration_ms: 1.313865
  type: 'test'
  ...
# Subtest: capture policy is loaded by the normal recognition UI boot path
ok 137 - capture policy is loaded by the normal recognition UI boot path
  ---
  duration_ms: 0.253255
  type: 'test'
  ...
# Subtest: priority cloud list restore refreshes the established UI path immediately
ok 138 - priority cloud list restore refreshes the established UI path immediately
  ---
  duration_ms: 1.20978
  type: 'test'
  ...
# Subtest: list refresh bridge is loaded by the normal UI boot path
ok 139 - list refresh bridge is loaded by the normal UI boot path
  ---
  duration_ms: 0.245872
  type: 'test'
  ...
# Subtest: JARC numeric varieties are shortened only for display text
ok 140 - JARC numeric varieties are shortened only for display text
  ---
  duration_ms: 1.431546
  type: 'test'
  ...
# Subtest: package controller automatically starts OCR after every successful image entry
ok 141 - package controller automatically starts OCR after every successful image entry
  ---
  duration_ms: 0.69828
  type: 'test'
  ...
# Subtest: OCR failure keeps the current photos and exposes an explicit retry action
ok 142 - OCR failure keeps the current photos and exposes an explicit retry action
  ---
  duration_ms: 0.437291
  type: 'test'
  ...
# Subtest: released thumbnail URL is detached from its image element before revocation
ok 143 - released thumbnail URL is detached from its image element before revocation
  ---
  duration_ms: 0.550783
  type: 'test'
  ...
# Subtest: camera, small upload and cropped upload all converge on addFiles
ok 144 - camera, small upload and cropped upload all converge on addFiles
  ---
  duration_ms: 0.316925
  type: 'test'
  ...
# Subtest: flow polish retains JARC formatting only and does not own OCR triggering
ok 145 - flow polish retains JARC formatting only and does not own OCR triggering
  ---
  duration_ms: 0.203162
  type: 'test'
  ...
# Subtest: production html loads the flow polish controller
ok 146 - production html loads the flow polish controller
  ---
  duration_ms: 0.39415
  type: 'test'
  ...
# Subtest: production date never falls back to roast date
ok 147 - production date never falls back to roast date
  ---
  duration_ms: 7.223916
  type: 'test'
  ...
# Subtest: best before and expiry dates are excluded from roast date
ok 148 - best before and expiry dates are excluded from roast date
  ---
  duration_ms: 8.161706
  type: 'test'
  ...
# Subtest: explicit roast date is auto-filled while other dates remain excluded
ok 149 - explicit roast date is auto-filled while other dates remain excluded
  ---
  duration_ms: 2.224043
  type: 'test'
  ...
# Subtest: unlabelled date requires confirmation and is never silently filled
ok 150 - unlabelled date requires confirmation and is never silently filled
  ---
  duration_ms: 0.759946
  type: 'test'
  ...
# Subtest: date photo role increases provenance but does not bypass confirmation
ok 151 - date photo role increases provenance but does not bypass confirmation
  ---
  duration_ms: 0.982032
  type: 'test'
  ...
# Subtest: invalid calendar dates are rejected
ok 152 - invalid calendar dates are rejected
  ---
  duration_ms: 1.651699
  type: 'test'
  ...
# Subtest: 30-case date ownership golden set has zero silent non-roast assignments
    # Subtest: 烘焙日期：2026-07-28
    ok 1 - 烘焙日期：2026-07-28
      ---
      duration_ms: 5.4671
      type: 'test'
      ...
    # Subtest: ROAST DATE 2026/07/28
    ok 2 - ROAST DATE 2026/07/28
      ---
      duration_ms: 1.197756
      type: 'test'
      ...
    # Subtest: ROASTED ON 2026.7.8
    ok 3 - ROASTED ON 2026.7.8
      ---
      duration_ms: 0.51151
      type: 'test'
      ...
    # Subtest: 焙炒日期 2026年7月28日
    ok 4 - 焙炒日期 2026年7月28日
      ---
      duration_ms: 1.065086
      type: 'test'
      ...
    # Subtest: RST DATE 20260728
    ok 5 - RST DATE 20260728
      ---
      duration_ms: 0.495369
      type: 'test'
      ...
    # Subtest: ROAST ON 28 JUL 2026
    ok 6 - ROAST ON 28 JUL 2026
      ---
      duration_ms: 1.217963
      type: 'test'
      ...
    # Subtest: ROAST DATE JUL 28 2026
    ok 7 - ROAST DATE JUL 28 2026
      ---
      duration_ms: 0.770113
      type: 'test'
      ...
    # Subtest: 出炉日期 26年7月28日
    ok 8 - 出炉日期 26年7月28日
      ---
      duration_ms: 0.977733
      type: 'test'
      ...
    # Subtest: 烘焙日 26-07-28
    ok 9 - 烘焙日 26-07-28
      ---
      duration_ms: 0.960922
      type: 'test'
      ...
    # Subtest: 烘烤日期 26.0728
    ok 10 - 烘烤日期 26.0728
      ---
      duration_ms: 0.45878
      type: 'test'
      ...
    # Subtest: 生产日期：2026-07-21
    ok 11 - 生产日期：2026-07-21
      ---
      duration_ms: 0.395973
      type: 'test'
      ...
    # Subtest: MFG DATE 2026/07/21
    ok 12 - MFG DATE 2026/07/21
      ---
      duration_ms: 0.272751
      type: 'test'
      ...
    # Subtest: MFD 20260721
    ok 13 - MFD 20260721
      ---
      duration_ms: 0.492123
      type: 'test'
      ...
    # Subtest: 包装日期 2026.07.22
    ok 14 - 包装日期 2026.07.22
      ---
      duration_ms: 0.36286
      type: 'test'
      ...
    # Subtest: PACKED ON 2026-07-22
    ok 15 - PACKED ON 2026-07-22
      ---
      duration_ms: 0.29847
      type: 'test'
      ...
    # Subtest: PKD 20260722
    ok 16 - PKD 20260722
      ---
      duration_ms: 0.247213
      type: 'test'
      ...
    # Subtest: 最佳赏味期 2026-10-28
    ok 17 - 最佳赏味期 2026-10-28
      ---
      duration_ms: 0.27736
      type: 'test'
      ...
    # Subtest: BEST BEFORE 2026/10/28
    ok 18 - BEST BEFORE 2026/10/28
      ---
      duration_ms: 0.328476
      type: 'test'
      ...
    # Subtest: BBE 28 OCT 2026
    ok 19 - BBE 28 OCT 2026
      ---
      duration_ms: 0.242224
      type: 'test'
      ...
    # Subtest: 有效期至 2027年1月5日
    ok 20 - 有效期至 2027年1月5日
      ---
      duration_ms: 0.779721
      type: 'test'
      ...
    # Subtest: EXP 2027-01-05
    ok 21 - EXP 2027-01-05
      ---
      duration_ms: 0.203822
      type: 'test'
      ...
    # Subtest: USE BY JAN 5 2027
    ok 22 - USE BY JAN 5 2027
      ---
      duration_ms: 0.190818
      type: 'test'
      ...
    # Subtest: 埃塞俄比亚 / 2026-07-28
    ok 23 - 埃塞俄比亚 / 2026-07-28
      ---
      duration_ms: 0.385282
      type: 'test'
      ...
    # Subtest: DATE 2026/07/28
    ok 24 - DATE 2026/07/28
      ---
      duration_ms: 0.189105
      type: 'test'
      ...
    # Subtest: LOT 20260728
    ok 25 - LOT 20260728
      ---
      duration_ms: 0.194014
      type: 'test'
      ...
    # Subtest: 2026年7月28日
    ok 26 - 2026年7月28日
      ---
      duration_ms: 0.243857
      type: 'test'
      ...
    # Subtest: 28/07/2026
    ok 27 - 28/07/2026
      ---
      duration_ms: 0.491762
      type: 'test'
      ...
    # Subtest: 07/08/2026
    ok 28 - 07/08/2026
      ---
      duration_ms: 0.398688
      type: 'test'
      ...
    # Subtest: ROAST DATE 07/08/2026
    ok 29 - ROAST DATE 07/08/2026
      ---
      duration_ms: 0.407393
      type: 'test'
      ...
    # Subtest: ROAST DATE 2026-07-28 / ROAST DATE 2026-07-29
    ok 30 - ROAST DATE 2026-07-28 / ROAST DATE 2026-07-29
      ---
      duration_ms: 0.486522
      type: 'test'
      ...
    1..30
ok 153 - 30-case date ownership golden set has zero silent non-roast assignments
  ---
  duration_ms: 23.919322
  type: 'test'
  ...
# Subtest: review model exposes automatic, excluded and unresolved candidates together
ok 154 - review model exposes automatic, excluded and unresolved candidates together
  ---
  duration_ms: 7.173789
  type: 'test'
  ...
# Subtest: unresolved candidate requires an explicit date assignment before confirmation
ok 155 - unresolved candidate requires an explicit date assignment before confirmation
  ---
  duration_ms: 0.759293
  type: 'test'
  ...
# Subtest: user confirmation retains source provenance instead of inventing confidence 1
ok 156 - user confirmation retains source provenance instead of inventing confidence 1
  ---
  duration_ms: 0.60841
  type: 'test'
  ...
# Subtest: two roast date selections are rejected
ok 157 - two roast date selections are rejected
  ---
  duration_ms: 1.36597
  type: 'test'
  ...
# Subtest: candidate value cannot be replaced with an unrecognized date
ok 158 - candidate value cannot be replaced with an unrecognized date
  ---
  duration_ms: 0.444262
  type: 'test'
  ...
# Subtest: stale or fabricated candidate id is rejected
ok 159 - stale or fabricated candidate id is rejected
  ---
  duration_ms: 0.619882
  type: 'test'
  ...
# Subtest: all candidates may be ignored without silently restoring automatic roast date
ok 160 - all candidates may be ignored without silently restoring automatic roast date
  ---
  duration_ms: 0.820298
  type: 'test'
  ...
# Subtest: ambiguous day-month candidate can only resolve to one offered value
ok 161 - ambiguous day-month candidate can only resolve to one offered value
  ---
  duration_ms: 1.482339
  type: 'test'
  ...
# Subtest: duplicate submission of the same candidate is rejected
ok 162 - duplicate submission of the same candidate is rejected
  ---
  duration_ms: 0.642665
  type: 'test'
  ...
# Subtest: offline evidence aliases are generated deterministically from hashed owner sources
ok 163 - offline evidence aliases are generated deterministically from hashed owner sources
  ---
  duration_ms: 60.192802
  type: 'test'
  ...
# Subtest: Knowledge localized alias refresh changes hints but never IDs, rows, or ownership
ok 164 - Knowledge localized alias refresh changes hints but never IDs, rows, or ownership
  ---
  duration_ms: 109.775388
  type: 'test'
  ...
# Subtest: hints ignore flavor aliases, Latin substrings and malformed codebooks
ok 165 - hints ignore flavor aliases, Latin substrings and malformed codebooks
  ---
  duration_ms: 34.695958
  type: 'test'
  ...
# Subtest: new aliases reach row and structure detectors while geometry never silently materializes records
ok 166 - new aliases reach row and structure detectors while geometry never silently materializes records
  ---
  duration_ms: 85.820156
  type: 'test'
  ...
# Subtest: offline owner fixtures and character normalization preserve Japanese, Korean and Traditional process hints
ok 167 - offline owner fixtures and character normalization preserve Japanese, Korean and Traditional process hints
  ---
  duration_ms: 5.553712
  type: 'test'
  ...
# Subtest: bad optional aliases and non-array blocks cannot block local evidence fallback
ok 168 - bad optional aliases and non-array blocks cannot block local evidence fallback
  ---
  duration_ms: 19.749476
  type: 'test'
  ...
# Subtest: numeric Ethiopian variety codes are split into independent exact candidates
ok 169 - numeric Ethiopian variety codes are split into independent exact candidates
  ---
  duration_ms: 22.437506
  type: 'test'
  ...
# Subtest: multiple labeled varieties stay unresolved instead of silently choosing the first code
ok 170 - multiple labeled varieties stay unresolved instead of silently choosing the first code
  ---
  duration_ms: 13.269088
  type: 'test'
  ...
# Subtest: spaced alphanumeric variety codes survive OCR tokenization
ok 171 - spaced alphanumeric variety codes survive OCR tokenization
  ---
  duration_ms: 5.021965
  type: 'test'
  ...
# Subtest: explicit numeric roast levels map only within the labeled 0-6 scale
ok 172 - explicit numeric roast levels map only within the labeled 0-6 scale
  ---
  duration_ms: 1.090595
  type: 'test'
  ...
# Subtest: mixed label layouts preserve separate variety and roast evidence
ok 173 - mixed label layouts preserve separate variety and roast evidence
  ---
  duration_ms: 2.380462
  type: 'test'
  ...
# Subtest: equally exact codebook candidates remain a manual choice
ok 174 - equally exact codebook candidates remain a manual choice
  ---
  duration_ms: 3.594639
  type: 'test'
  ...
# Subtest: unsupported region evidence has no reliable candidates
ok 175 - unsupported region evidence has no reliable candidates
  ---
  duration_ms: 3.262408
  type: 'test'
  ...
# Subtest: recognition review UI contains only unresolved fields and disappears when none remain
ok 176 - recognition review UI contains only unresolved fields and disappears when none remain
  ---
  duration_ms: 1.124809
  type: 'test'
  ...
# Subtest: recognition provenance remains persisted for audit without becoming confirmed-field UI
ok 177 - recognition provenance remains persisted for audit without becoming confirmed-field UI
  ---
  duration_ms: 0.230823
  type: 'test'
  ...
# Subtest: confirmed roast date is still saved from the final form value
ok 178 - confirmed roast date is still saved from the final form value
  ---
  duration_ms: 0.211907
  type: 'test'
  ...
# Subtest: custom dropdown opens its editor after select change dispatch completes
ok 179 - custom dropdown opens its editor after select change dispatch completes
  ---
  duration_ms: 0.144781
  type: 'test'
  ...
# Subtest: unlabeled country and region fragments are never promoted to flavor
ok 180 - unlabeled country and region fragments are never promoted to flavor
  ---
  duration_ms: 21.558638
  type: 'test'
  ...
# Subtest: unlabeled coffee flavor list still requires and accepts flavor lexicon evidence
ok 181 - unlabeled coffee flavor list still requires and accepts flavor lexicon evidence
  ---
  duration_ms: 11.454275
  type: 'test'
  ...
# Subtest: reversed inline key-value keeps the semantic field association
ok 182 - reversed inline key-value keeps the semantic field association
  ---
  duration_ms: 3.897227
  type: 'test'
  ...
# Subtest: same-row value before label is paired by geometry and field semantics
ok 183 - same-row value before label is paired by geometry and field semantics
  ---
  duration_ms: 1.315426
  type: 'test'
  ...
# Subtest: vertical title and value are paired in either reading direction
ok 184 - vertical title and value are paired in either reading direction
  ---
  duration_ms: 3.140771
  type: 'test'
  ...
# Subtest: standalone unordered coffee entities remain available instead of being forced into unrelated fields
ok 185 - standalone unordered coffee entities remain available instead of being forced into unrelated fields
  ---
  duration_ms: 1.213635
  type: 'test'
  ...
# Subtest: range hyphen is preserved as value content rather than treated as a field separator
ok 186 - range hyphen is preserved as value content rather than treated as a field separator
  ---
  duration_ms: 0.966742
  type: 'test'
  ...
# Subtest: explicit bean headings split into independent recognition documents
ok 187 - explicit bean headings split into independent recognition documents
  ---
  duration_ms: 16.889294
  type: 'test'
  ...
# Subtest: repeated strong country anchors split when each segment contains multiple coffee fields
ok 188 - repeated strong country anchors split when each segment contains multiple coffee fields
  ---
  duration_ms: 1.874355
  type: 'test'
  ...
# Subtest: geometry-first side-by-side cards become evidence-preserving record candidates
ok 189 - geometry-first side-by-side cards become evidence-preserving record candidates
  ---
  duration_ms: 5.993307
  type: 'test'
  ...
# Subtest: geometry-first strong vertical separation creates independent stacked records
ok 190 - geometry-first strong vertical separation creates independent stacked records
  ---
  duration_ms: 9.083069
  type: 'test'
  ...
# Subtest: one coffee using a two-column package design is not falsely split
ok 191 - one coffee using a two-column package design is not falsely split
  ---
  duration_ms: 4.630962
  type: 'test'
  ...
# Subtest: multi-view photos of one bean are never split merely because images produce paragraphs
ok 192 - multi-view photos of one bean are never split merely because images produce paragraphs
  ---
  duration_ms: 0.622117
  type: 'test'
  ...
# Subtest: weak prose is kept as one recognition document to prevent false bean creation
ok 193 - weak prose is kept as one recognition document to prevent false bean creation
  ---
  duration_ms: 0.463419
  type: 'test'
  ...
# Subtest: geometry evidence can split records even when the flattened full-text envelope is unavailable
ok 194 - geometry evidence can split records even when the flattened full-text envelope is unavailable
  ---
  duration_ms: 1.405856
  type: 'test'
  ...
# Subtest: geometry entry construction does not depend on native structuredClone support
ok 195 - geometry entry construction does not depend on native structuredClone support
  ---
  duration_ms: 1.395466
  type: 'test'
  ...
# Subtest: altitude ranges preserve both endpoints and require review instead of silently choosing minimum
ok 196 - altitude ranges preserve both endpoints and require review instead of silently choosing minimum
  ---
  duration_ms: 157.106677
  type: 'test'
  ...
# Subtest: leading explicit crop season is parsed without consuming bag identity or creating a harvest date
ok 197 - leading explicit crop season is parsed without consuming bag identity or creating a harvest date
  ---
  duration_ms: 37.557153
  type: 'test'
  ...
# Subtest: English labels and coffee values become Chinese canonical bean fields
ok 198 - English labels and coffee values become Chinese canonical bean fields
  ---
  duration_ms: 49.592236
  type: 'test'
  ...
# Subtest: unknown proper names are preserved and explicitly marked for review
ok 199 - unknown proper names are preserved and explicitly marked for review
  ---
  duration_ms: 33.851166
  type: 'test'
  ...
# Subtest: knowledge-only WCR variety is surfaced as a sourced review candidate without fabricating a core code
ok 200 - knowledge-only WCR variety is surfaced as a sourced review candidate without fabricating a core code
  ---
  duration_ms: 22.441253
  type: 'test'
  ...
# Subtest: knowledge-only source alias normalizes to canonical display but stays unresolved
ok 201 - knowledge-only source alias normalizes to canonical display but stays unresolved
  ---
  duration_ms: 22.630256
  type: 'test'
  ...
# Subtest: explicit numeric fields are parsed while unrelated numbers stay isolated
ok 202 - explicit numeric fields are parsed while unrelated numbers stay isolated
  ---
  duration_ms: 15.813417
  type: 'test'
  ...
# Subtest: Chinese, reverse-labelled and vertical fields share one canonical pipeline
ok 203 - Chinese, reverse-labelled and vertical fields share one canonical pipeline
  ---
  duration_ms: 17.787649
  type: 'test'
  ...
# Subtest: raw OCR remains authoritative while Traditional Chinese and coffee terminology are normalized before field recognition
ok 204 - raw OCR remains authoritative while Traditional Chinese and coffee terminology are normalized before field recognition
  ---
  duration_ms: 3.41919
  type: 'test'
  ...
# Subtest: bare coffee-origin transliterations provide field hints before canonical field parsing
ok 205 - bare coffee-origin transliterations provide field hints before canonical field parsing
  ---
  duration_ms: 1.052403
  type: 'test'
  ...
# Subtest: Japanese and Korean coffee process/roast terminology is normalized locally without AI
ok 206 - Japanese and Korean coffee process/roast terminology is normalized locally without AI
  ---
  duration_ms: 0.409979
  type: 'test'
  ...
# Subtest: context-sensitive separator repair does not corrupt legitimate Latin variety names
ok 207 - context-sensitive separator repair does not corrupt legitimate Latin variety names
  ---
  duration_ms: 0.586149
  type: 'test'
  ...
# Subtest: pipeline persists pre-semantic audit and still resolves the user-reported sample with zero review
ok 208 - pipeline persists pre-semantic audit and still resolves the user-reported sample with zero review
  ---
  duration_ms: 45.937143
  type: 'test'
  ...
# Subtest: recognition progress consumes provider events instead of a synthetic interval
ok 209 - recognition progress consumes provider events instead of a synthetic interval
  ---
  duration_ms: 1.496525
  type: 'test'
  ...
# Subtest: interrupted processing snapshots are cleared on a full reload
ok 210 - interrupted processing snapshots are cleared on a full reload
  ---
  duration_ms: 0.272821
  type: 'test'
  ...
# Subtest: geometry split re-infers field relations inside each child without cross-record evidence
ok 211 - geometry split re-infers field relations inside each child without cross-record evidence
  ---
  duration_ms: 8.229611
  type: 'test'
  ...
# Subtest: explicit source dimensions prevent the text envelope from exaggerating a modest column gap
ok 212 - explicit source dimensions prevent the text envelope from exaggerating a modest column gap
  ---
  duration_ms: 3.656445
  type: 'test'
  ...
# Subtest: isolated unresolved country review is preserved without stealing mixed candidate panels
ok 213 - isolated unresolved country review is preserved without stealing mixed candidate panels
  ---
  duration_ms: 1.202885
  type: 'test'
  ...
# Subtest: bad layout labels cannot override stronger coffee-domain field semantics
ok 214 - bad layout labels cannot override stronger coffee-domain field semantics
  ---
  duration_ms: 20.992968
  type: 'test'
  ...
# Subtest: repaired sample reaches canonical country region variety process roast date and weight fields
ok 215 - repaired sample reaches canonical country region variety process roast date and weight fields
  ---
  duration_ms: 38.405473
  type: 'test'
  ...
# Subtest: record hypothesis treats geometry as evidence and does not make it final authority
ok 216 - record hypothesis treats geometry as evidence and does not make it final authority
  ---
  duration_ms: 13.903807
  type: 'test'
  ...
# Subtest: legacy splitter remains compatible while authoritative recovery disables direct geometry split
ok 217 - legacy splitter remains compatible while authoritative recovery disables direct geometry split
  ---
  duration_ms: 6.540012
  type: 'test'
  ...
# Subtest: valid AI evidence groups materialize independent review-required records without cross-record leakage
ok 218 - valid AI evidence groups materialize independent review-required records without cross-record leakage
  ---
  duration_ms: 12.231101
  type: 'test'
  ...
# Subtest: AI can resolve a geometry ambiguity as one record without geometry overriding it
ok 219 - AI can resolve a geometry ambiguity as one record without geometry overriding it
  ---
  duration_ms: 2.248255
  type: 'test'
  ...
# Subtest: unassigned AI evidence is explicit and blocks silent multi-record materialization
ok 220 - unassigned AI evidence is explicit and blocks silent multi-record materialization
  ---
  duration_ms: 1.580473
  type: 'test'
  ...
# Subtest: missing, fabricated, duplicated, overlapping or incomplete evidence partitions are rejected
ok 221 - missing, fabricated, duplicated, overlapping or incomplete evidence partitions are rejected
  ---
  duration_ms: 5.352185
  type: 'test'
  ...
# Subtest: low-confidence AI grouping remains advisory and cannot create multiple records
ok 222 - low-confidence AI grouping remains advisory and cannot create multiple records
  ---
  duration_ms: 1.155767
  type: 'test'
  ...
# Subtest: AI adapter failure is never a single point of failure
ok 223 - AI adapter failure is never a single point of failure
  ---
  duration_ms: 1.018339
  type: 'test'
  ...
# Subtest: strong manual-text structure splits deterministically and does not invoke AI
ok 224 - strong manual-text structure splits deterministically and does not invoke AI
  ---
  duration_ms: 9.305215
  type: 'test'
  ...
# Subtest: flattened text structure cannot discard spatial OCR block identity
ok 225 - flattened text structure cannot discard spatial OCR block identity
  ---
  duration_ms: 7.784665
  type: 'test'
  ...
# Subtest: label-only Traditional Chinese lines pair with the following OCR value
ok 226 - label-only Traditional Chinese lines pair with the following OCR value
  ---
  duration_ms: 7.51543
  type: 'test'
  ...
# Subtest: Traditional multiline coffee metadata resolves through the normal canonical pipeline
ok 227 - Traditional multiline coffee metadata resolves through the normal canonical pipeline
  ---
  duration_ms: 29.121199
  type: 'test'
  ...
# Subtest: Traditional inline field labels use a normalized shadow while preserving raw OCR evidence
ok 228 - Traditional inline field labels use a normalized shadow while preserving raw OCR evidence
  ---
  duration_ms: 33.487513
  type: 'test'
  ...
# Subtest: a following field label is never consumed as the previous label-only value
ok 229 - a following field label is never consumed as the previous label-only value
  ---
  duration_ms: 0.686558
  type: 'test'
  ...
# Subtest: unlabeled Traditional OCR values are promoted by coffee semantics without contaminating identity with sensory score noise
ok 230 - unlabeled Traditional OCR values are promoted by coffee semantics without contaminating identity with sensory score noise
  ---
  duration_ms: 49.383072
  type: 'test'
  ...
# Subtest: OCR variant of explicit net-weight label reaches bean quantity while raw evidence is retained
ok 231 - OCR variant of explicit net-weight label reaches bean quantity while raw evidence is retained
  ---
  duration_ms: 68.726399
  type: 'test'
  ...
# Subtest: main.6 bean detail does not expose roast code and pairs process with roast date
ok 232 - main.6 bean detail does not expose roast code and pairs process with roast date
  ---
  duration_ms: 1.64307
  type: 'test'
  ...
# Subtest: main.6 floating quadrant, radar labels and sensory footer obey theme/layout contract
ok 233 - main.6 floating quadrant, radar labels and sensory footer obey theme/layout contract
  ---
  duration_ms: 0.765516
  type: 'test'
  ...
# Subtest: main.6 preserves FAB visibility ownership and opens manual OCR editor explicitly
ok 234 - main.6 preserves FAB visibility ownership and opens manual OCR editor explicitly
  ---
  duration_ms: 0.577322
  type: 'test'
  ...
# Subtest: main.6 package review waits for recognition handoff completion instead of racing the form renderer
ok 235 - main.6 package review waits for recognition handoff completion instead of racing the form renderer
  ---
  duration_ms: 0.688411
  type: 'test'
  ...
# Subtest: main.6 unresolved semantic fields preserve review evidence for explicit bean-form confirmation
ok 236 - main.6 unresolved semantic fields preserve review evidence for explicit bean-form confirmation
  ---
  duration_ms: 0.378028
  type: 'test'
  ...
# Subtest: canonical brew plan preserves immersion semantics without replacing legacy plan
ok 237 - canonical brew plan preserves immersion semantics without replacing legacy plan
  ---
  duration_ms: 1.880545
  type: 'test'
  ...
# Subtest: BrewResult 1.1 carries spatial evidence and a superset flavor vector
ok 238 - BrewResult 1.1 carries spatial evidence and a superset flavor vector
  ---
  duration_ms: 1.804503
  type: 'test'
  ...
# Subtest: calculation coordinator attaches contracts on the authoritative runtime path
ok 239 - calculation coordinator attaches contracts on the authoritative runtime path
  ---
  duration_ms: 1.491046
  type: 'test'
  ...
# Subtest: history comparison prefers persisted BrewResult flavor over legacy trajectory summaries
ok 240 - history comparison prefers persisted BrewResult flavor over legacy trajectory summaries
  ---
  duration_ms: 1.496686
  type: 'test'
  ...
# Subtest: local reference uses the same contracts but cannot masquerade as professional spatial output
ok 241 - local reference uses the same contracts but cannot masquerade as professional spatial output
  ---
  duration_ms: 10.707143
  type: 'test'
  ...
# Subtest: history and optimization consumers are wired to BrewResult without treating model flavor as sensory truth
ok 242 - history and optimization consumers are wired to BrewResult without treating model flavor as sensory truth
  ---
  duration_ms: 0.900228
  type: 'test'
  ...
1..242
# tests 272
# suites 0
# pass 272
# fail 0
# cancelled 0
# skipped 0
# todo 0
# duration_ms 2361.563576

All LuckyBean static and recognition regression checks passed
